Component: Arm Compiler for Embedded 6.22 Tool: armlink [5ee90200]

==============================================================================

Section Cross References

    gpio_stm32f10x.o(.ARM.exidx.text.GPIO_PortClock) refers to gpio_stm32f10x.o(.text.GPIO_PortClock) for [Anonymous Symbol]
    gpio_stm32f10x.o(.ARM.exidx.text.GPIO_GetPortClockState) refers to gpio_stm32f10x.o(.text.GPIO_GetPortClockState) for [Anonymous Symbol]
    gpio_stm32f10x.o(.text.GPIO_PinConfigure) refers to gpio_stm32f10x.o(.text.GPIO_GetPortClockState) for GPIO_GetPortClockState
    gpio_stm32f10x.o(.text.GPIO_PinConfigure) refers to gpio_stm32f10x.o(.text.GPIO_PortClock) for GPIO_PortClock
    gpio_stm32f10x.o(.ARM.exidx.text.GPIO_PinConfigure) refers to gpio_stm32f10x.o(.text.GPIO_PinConfigure) for [Anonymous Symbol]
    gpio_stm32f10x.o(.ARM.exidx.text.GPIO_AFConfigure) refers to gpio_stm32f10x.o(.text.GPIO_AFConfigure) for [Anonymous Symbol]
    startup_stm32f10x_md.o(STACK) refers (Special) to heapauxi.o(.text) for __use_two_region_memory
    startup_stm32f10x_md.o(HEAP) refers (Special) to heapauxi.o(.text) for __use_two_region_memory
    startup_stm32f10x_md.o(RESET) refers (Special) to heapauxi.o(.text) for __use_two_region_memory
    startup_stm32f10x_md.o(RESET) refers to startup_stm32f10x_md.o(STACK) for __initial_sp
    startup_stm32f10x_md.o(RESET) refers to startup_stm32f10x_md.o(.text) for Reset_Handler
    startup_stm32f10x_md.o(.text) refers (Special) to heapauxi.o(.text) for __use_two_region_memory
    startup_stm32f10x_md.o(.text) refers to system_stm32f10x.o(.text.SystemInit) for SystemInit
    startup_stm32f10x_md.o(.text) refers to tft.o(MYCODE) for __main
    startup_stm32f10x_md.o(.text) refers to startup_stm32f10x_md.o(HEAP) for Heap_Mem
    startup_stm32f10x_md.o(.text) refers to startup_stm32f10x_md.o(STACK) for Stack_Mem
    system_stm32f10x.o(.text.SystemInit) refers to system_stm32f10x.o(.text.SetSysClock) for SetSysClock
    system_stm32f10x.o(.ARM.exidx.text.SystemInit) refers to system_stm32f10x.o(.text.SystemInit) for [Anonymous Symbol]
    system_stm32f10x.o(.text.SetSysClock) refers to system_stm32f10x.o(.text.SetSysClockTo72) for SetSysClockTo72
    system_stm32f10x.o(.ARM.exidx.text.SetSysClock) refers to system_stm32f10x.o(.text.SetSysClock) for [Anonymous Symbol]
    system_stm32f10x.o(.text.SystemCoreClockUpdate) refers to system_stm32f10x.o(.data.SystemCoreClock) for SystemCoreClock
    system_stm32f10x.o(.text.SystemCoreClockUpdate) refers to system_stm32f10x.o(.rodata.AHBPrescTable) for AHBPrescTable
    system_stm32f10x.o(.ARM.exidx.text.SystemCoreClockUpdate) refers to system_stm32f10x.o(.text.SystemCoreClockUpdate) for [Anonymous Symbol]
    system_stm32f10x.o(.ARM.exidx.text.SetSysClockTo72) refers to system_stm32f10x.o(.text.SetSysClockTo72) for [Anonymous Symbol]


==============================================================================

Removing Unused input sections from the image.

    Removing tft.o(DATA2), (4 bytes).
    Removing tft.o(MYDATA), (0 bytes).
    Removing gpio_stm32f10x.o(.text), (0 bytes).
    Removing gpio_stm32f10x.o(.text.GPIO_PortClock), (528 bytes).
    Removing gpio_stm32f10x.o(.ARM.exidx.text.GPIO_PortClock), (8 bytes).
    Removing gpio_stm32f10x.o(.text.GPIO_GetPortClockState), (284 bytes).
    Removing gpio_stm32f10x.o(.ARM.exidx.text.GPIO_GetPortClockState), (8 bytes).
    Removing gpio_stm32f10x.o(.text.GPIO_PinConfigure), (222 bytes).
    Removing gpio_stm32f10x.o(.ARM.exidx.text.GPIO_PinConfigure), (8 bytes).
    Removing gpio_stm32f10x.o(.text.GPIO_AFConfigure), (228 bytes).
    Removing gpio_stm32f10x.o(.ARM.exidx.text.GPIO_AFConfigure), (8 bytes).
    Removing system_stm32f10x.o(.text), (0 bytes).
    Removing system_stm32f10x.o(.ARM.exidx.text.SystemInit), (8 bytes).
    Removing system_stm32f10x.o(.ARM.exidx.text.SetSysClock), (8 bytes).
    Removing system_stm32f10x.o(.text.SystemCoreClockUpdate), (290 bytes).
    Removing system_stm32f10x.o(.ARM.exidx.text.SystemCoreClockUpdate), (8 bytes).
    Removing system_stm32f10x.o(.ARM.exidx.text.SetSysClockTo72), (8 bytes).
    Removing system_stm32f10x.o(.data.SystemCoreClock), (4 bytes).
    Removing system_stm32f10x.o(.rodata.AHBPrescTable), (16 bytes).

19 unused section(s) (total 1640 bytes) removed from the image.

==============================================================================

Image Symbol Table

    Local Symbols

    Symbol Name                              Value     Ov Type        Size  Object(Section)

    ../clib/heapaux.c                        0x00000000   Number         0  heapauxi.o ABSOLUTE
    GPIO_STM32F10x.c                         0x00000000   Number         0  gpio_stm32f10x.o ABSOLUTE
    RTE/Device/STM32F103C8/startup_stm32f10x_md.s 0x00000000   Number         0  startup_stm32f10x_md.o ABSOLUTE
    TFT.s                                    0x00000000   Number         0  tft.o ABSOLUTE
    dc.s                                     0x00000000   Number         0  dc.o ABSOLUTE
    system_stm32f10x.c                       0x00000000   Number         0  system_stm32f10x.o ABSOLUTE
    RESET                                    0x08000000   Section      236  startup_stm32f10x_md.o(RESET)
    .text                                    0x080000ec   Section       84  startup_stm32f10x_md.o(.text)
    .text                                    0x08000140   Section        0  heapauxi.o(.text)
    SetSysClock                              0x08000149   Thumb Code     8  system_stm32f10x.o(.text.SetSysClock)
    [Anonymous Symbol]                       0x08000148   Section        0  system_stm32f10x.o(.text.SetSysClock)
    SetSysClockTo72                          0x08000151   Thumb Code   290  system_stm32f10x.o(.text.SetSysClockTo72)
    [Anonymous Symbol]                       0x08000150   Section        0  system_stm32f10x.o(.text.SetSysClockTo72)
    [Anonymous Symbol]                       0x08000274   Section        0  system_stm32f10x.o(.text.SystemInit)
    MYCODE                                   0x080002dc   Section     8552  tft.o(MYCODE)
    DRAW_DET1                                0x0800033f   Thumb Code   130  tft.o(MYCODE)
    DRAW_DET2                                0x080003c1   Thumb Code   130  tft.o(MYCODE)
    LCD_WRITE                                0x08000443   Thumb Code    38  tft.o(MYCODE)
    LCD_COMMAND_WRITE                        0x08000469   Thumb Code    28  tft.o(MYCODE)
    LCD_DATA_WRITE                           0x08000485   Thumb Code    28  tft.o(MYCODE)
    LCD_INIT                                 0x080004a1   Thumb Code   202  tft.o(MYCODE)
    ADDRESS_SET                              0x0800056b   Thumb Code    92  tft.o(MYCODE)
    TIME_POSITION                            0x08000625   Thumb Code   308  tft.o(MYCODE)
    THEME1_BACKGROUND                        0x08000759   Thumb Code    84  tft.o(MYCODE)
    THEME1_TEXTILE                           0x080007ad   Thumb Code   694  tft.o(MYCODE)
    THEME2_BACKGROUND                        0x08000a63   Thumb Code    84  tft.o(MYCODE)
    THEME2_TEXTILE                           0x08000ab7   Thumb Code   698  tft.o(MYCODE)
    SEGMENT_A                                0x08000d71   Thumb Code    24  tft.o(MYCODE)
    SEGMENT_B                                0x08000d89   Thumb Code    24  tft.o(MYCODE)
    SEGMENT_C                                0x08000da1   Thumb Code    28  tft.o(MYCODE)
    SEGMENT_D                                0x08000dbd   Thumb Code    24  tft.o(MYCODE)
    SEGMENT_E                                0x08000dd5   Thumb Code    24  tft.o(MYCODE)
    SEGMENT_F                                0x08000ded   Thumb Code    24  tft.o(MYCODE)
    SEGMENT_G                                0x08000e05   Thumb Code    20  tft.o(MYCODE)
    BLACKOUT                                 0x08000e19   Thumb Code   228  tft.o(MYCODE)
    BLACKOUT2                                0x08000efd   Thumb Code   232  tft.o(MYCODE)
    SEGMENT_ASEC                             0x08000fe5   Thumb Code    24  tft.o(MYCODE)
    SEGMENT_BSEC                             0x08000ffd   Thumb Code    24  tft.o(MYCODE)
    SEGMENT_CSEC                             0x08001015   Thumb Code    28  tft.o(MYCODE)
    SEGMENT_DSEC                             0x08001031   Thumb Code    24  tft.o(MYCODE)
    SEGMENT_ESEC                             0x08001049   Thumb Code    24  tft.o(MYCODE)
    SEGMENT_FSEC                             0x08001061   Thumb Code    24  tft.o(MYCODE)
    SEGMENT_GSEC                             0x08001079   Thumb Code    20  tft.o(MYCODE)
    DRAW_BCD                                 0x0800108d   Thumb Code   108  tft.o(MYCODE)
    DRAW_0                                   0x080010f9   Thumb Code    32  tft.o(MYCODE)
    DRAW_1                                   0x08001119   Thumb Code    16  tft.o(MYCODE)
    DRAW_2                                   0x08001129   Thumb Code    28  tft.o(MYCODE)
    DRAW_3                                   0x08001145   Thumb Code    28  tft.o(MYCODE)
    DRAW_4                                   0x08001161   Thumb Code    24  tft.o(MYCODE)
    DRAW_5                                   0x08001179   Thumb Code    28  tft.o(MYCODE)
    DRAW_6                                   0x08001195   Thumb Code    32  tft.o(MYCODE)
    DRAW_7                                   0x080011b5   Thumb Code    24  tft.o(MYCODE)
    DRAW_8                                   0x080011cd   Thumb Code    36  tft.o(MYCODE)
    DRAW_9                                   0x080011f1   Thumb Code    32  tft.o(MYCODE)
    DRAWSEC_BCD                              0x08001211   Thumb Code   158  tft.o(MYCODE)
    DRAW_0SEC                                0x080012af   Thumb Code    32  tft.o(MYCODE)
    DRAW_1SEC                                0x080012cf   Thumb Code    16  tft.o(MYCODE)
    DRAW_2SEC                                0x080012df   Thumb Code    28  tft.o(MYCODE)
    DRAW_3SEC                                0x080012fb   Thumb Code    28  tft.o(MYCODE)
    DRAW_4SEC                                0x08001317   Thumb Code    24  tft.o(MYCODE)
    DRAW_5SEC                                0x0800132f   Thumb Code    28  tft.o(MYCODE)
    DRAW_6SEC                                0x0800134b   Thumb Code    32  tft.o(MYCODE)
    DRAW_7SEC                                0x0800136b   Thumb Code    24  tft.o(MYCODE)
    DRAW_8SEC                                0x08001383   Thumb Code    36  tft.o(MYCODE)
    DRAW_9SEC                                0x080013a7   Thumb Code    32  tft.o(MYCODE)
    DRAW_D                                   0x080013c7   Thumb Code    32  tft.o(MYCODE)
    DRAW_E                                   0x080013e7   Thumb Code    28  tft.o(MYCODE)
    DRAW_T                                   0x08001403   Thumb Code    24  tft.o(MYCODE)
    DRAW_F                                   0x0800141b   Thumb Code    24  tft.o(MYCODE)
    DRAW_DOT                                 0x08001433   Thumb Code    48  tft.o(MYCODE)
    DRAW_SUBMISSION_DATE                     0x08001463   Thumb Code    72  tft.o(MYCODE)
    DRAW_SUBMISSION_DATE2                    0x080014ab   Thumb Code    72  tft.o(MYCODE)
    DRAW_BIMO1                               0x080014f3   Thumb Code   272  tft.o(MYCODE)
    DRAW_BIMO1_BLACKOUT                      0x08001603   Thumb Code   272  tft.o(MYCODE)
    DRAW_BIMO2                               0x08001713   Thumb Code   272  tft.o(MYCODE)
    DRAW_BIMO2_BLACKOUT                      0x08001823   Thumb Code   272  tft.o(MYCODE)
    SETUP                                    0x08001933   Thumb Code    56  tft.o(MYCODE)
    GPIO_ENABLE_PORT_B                       0x080019ef   Thumb Code    22  tft.o(MYCODE)
    RTC_INIT                                 0x08001a1b   Thumb Code   146  tft.o(MYCODE)
    GetTimeFromRTC                           0x08001aad   Thumb Code    74  tft.o(MYCODE)
    TIM2_INIT                                0x08001af7   Thumb Code    60  tft.o(MYCODE)
    DRAWSTOP2                                0x08001b71   Thumb Code  2260  tft.o(MYCODE)
    Heap_Mem                                 0x20000000   Data         512  startup_stm32f10x_md.o(HEAP)
    HEAP                                     0x20000000   Section      512  startup_stm32f10x_md.o(HEAP)
    Stack_Mem                                0x20000200   Data       17664  startup_stm32f10x_md.o(STACK)
    STACK                                    0x20000200   Section    17664  startup_stm32f10x_md.o(STACK)
    __initial_sp                             0x20004700   Data           0  startup_stm32f10x_md.o(STACK)

    Global Symbols

    Symbol Name                              Value     Ov Type        Size  Object(Section)

    BuildAttributes$$THM_ISAv4$P$D$K$B$S$PE$A:L22UL41UL21$X:L11$S22US41US21$IEEE1$IW$~IW$USESV6$~STKCKD$USESV7$~SHL$OSPACE$ROPI$EBA8$STANDARDLIB$REQ8$EABIv2 0x00000000   Number         0  anon$$obj.o ABSOLUTE
    __Vectors_Size                           0x000000ec   Number         0  startup_stm32f10x_md.o ABSOLUTE
    __Vectors                                0x08000000   Data           4  startup_stm32f10x_md.o(RESET)
    Reset_Handler                            0x080000ed   Thumb Code     8  startup_stm32f10x_md.o(.text)
    __Vectors_End                            0x080000ec   Data           0  startup_stm32f10x_md.o(RESET)
    NMI_Handler                              0x080000f5   Thumb Code     2  startup_stm32f10x_md.o(.text)
    HardFault_Handler                        0x080000f7   Thumb Code     2  startup_stm32f10x_md.o(.text)
    MemManage_Handler                        0x080000f9   Thumb Code     2  startup_stm32f10x_md.o(.text)
    BusFault_Handler                         0x080000fb   Thumb Code     2  startup_stm32f10x_md.o(.text)
    UsageFault_Handler                       0x080000fd   Thumb Code     2  startup_stm32f10x_md.o(.text)
    SVC_Handler                              0x080000ff   Thumb Code     2  startup_stm32f10x_md.o(.text)
    DebugMon_Handler                         0x08000101   Thumb Code     2  startup_stm32f10x_md.o(.text)
    PendSV_Handler                           0x08000103   Thumb Code     2  startup_stm32f10x_md.o(.text)
    SysTick_Handler                          0x08000105   Thumb Code     2  startup_stm32f10x_md.o(.text)
    ADC1_2_IRQHandler                        0x08000107   Thumb Code     0  startup_stm32f10x_md.o(.text)
    CAN1_RX1_IRQHandler                      0x08000107   Thumb Code     0  startup_stm32f10x_md.o(.text)
    CAN1_SCE_IRQHandler                      0x08000107   Thumb Code     0  startup_stm32f10x_md.o(.text)
    DMA1_Channel1_IRQHandler                 0x08000107   Thumb Code     0  startup_stm32f10x_md.o(.text)
    DMA1_Channel2_IRQHandler                 0x08000107   Thumb Code     0  startup_stm32f10x_md.o(.text)
    DMA1_Channel3_IRQHandler                 0x08000107   Thumb Code     0  startup_stm32f10x_md.o(.text)
    DMA1_Channel4_IRQHandler                 0x08000107   Thumb Code     0  startup_stm32f10x_md.o(.text)
    DMA1_Channel5_IRQHandler                 0x08000107   Thumb Code     0  startup_stm32f10x_md.o(.text)
    DMA1_Channel6_IRQHandler                 0x08000107   Thumb Code     0  startup_stm32f10x_md.o(.text)
    DMA1_Channel7_IRQHandler                 0x08000107   Thumb Code     0  startup_stm32f10x_md.o(.text)
    EXTI0_IRQHandler                         0x08000107   Thumb Code     0  startup_stm32f10x_md.o(.text)
    EXTI1_IRQHandler                         0x08000107   Thumb Code     0  startup_stm32f10x_md.o(.text)
    EXTI2_IRQHandler                         0x08000107   Thumb Code     0  startup_stm32f10x_md.o(.text)
    EXTI3_IRQHandler                         0x08000107   Thumb Code     0  startup_stm32f10x_md.o(.text)
    EXTI4_IRQHandler                         0x08000107   Thumb Code     0  startup_stm32f10x_md.o(.text)
    EXTI9_5_IRQHandler                       0x08000107   Thumb Code     0  startup_stm32f10x_md.o(.text)
    FLASH_IRQHandler                         0x08000107   Thumb Code     0  startup_stm32f10x_md.o(.text)
    PVD_IRQHandler                           0x08000107   Thumb Code     0  startup_stm32f10x_md.o(.text)
    RCC_IRQHandler                           0x08000107   Thumb Code     0  startup_stm32f10x_md.o(.text)
    RTC_IRQHandler                           0x08000107   Thumb Code     0  startup_stm32f10x_md.o(.text)
    TAMPER_IRQHandler                        0x08000107   Thumb Code     0  startup_stm32f10x_md.o(.text)
    TIM1_BRK_IRQHandler                      0x08000107   Thumb Code     0  startup_stm32f10x_md.o(.text)
    TIM1_CC_IRQHandler                       0x08000107   Thumb Code     0  startup_stm32f10x_md.o(.text)
    TIM1_TRG_COM_IRQHandler                  0x08000107   Thumb Code     0  startup_stm32f10x_md.o(.text)
    TIM1_UP_IRQHandler                       0x08000107   Thumb Code     0  startup_stm32f10x_md.o(.text)
    TIM2_IRQHandler                          0x08000107   Thumb Code     0  startup_stm32f10x_md.o(.text)
    USB_HP_CAN1_TX_IRQHandler                0x08000107   Thumb Code     0  startup_stm32f10x_md.o(.text)
    USB_LP_CAN1_RX0_IRQHandler               0x08000107   Thumb Code     0  startup_stm32f10x_md.o(.text)
    WWDG_IRQHandler                          0x08000107   Thumb Code     0  startup_stm32f10x_md.o(.text)
    EXTI15_10_IRQHandler                     0x08000117   Thumb Code     0  startup_stm32f10x_md.o(.text)
    I2C1_ER_IRQHandler                       0x08000117   Thumb Code     0  startup_stm32f10x_md.o(.text)
    I2C1_EV_IRQHandler                       0x08000117   Thumb Code     0  startup_stm32f10x_md.o(.text)
    I2C2_ER_IRQHandler                       0x08000117   Thumb Code     0  startup_stm32f10x_md.o(.text)
    I2C2_EV_IRQHandler                       0x08000117   Thumb Code     0  startup_stm32f10x_md.o(.text)
    RTCAlarm_IRQHandler                      0x08000117   Thumb Code     0  startup_stm32f10x_md.o(.text)
    SPI1_IRQHandler                          0x08000117   Thumb Code     0  startup_stm32f10x_md.o(.text)
    SPI2_IRQHandler                          0x08000117   Thumb Code     0  startup_stm32f10x_md.o(.text)
    TIM3_IRQHandler                          0x08000117   Thumb Code     0  startup_stm32f10x_md.o(.text)
    TIM4_IRQHandler                          0x08000117   Thumb Code     0  startup_stm32f10x_md.o(.text)
    USART1_IRQHandler                        0x08000117   Thumb Code     0  startup_stm32f10x_md.o(.text)
    USART2_IRQHandler                        0x08000117   Thumb Code     0  startup_stm32f10x_md.o(.text)
    USART3_IRQHandler                        0x08000117   Thumb Code     0  startup_stm32f10x_md.o(.text)
    USBWakeUp_IRQHandler                     0x08000117   Thumb Code     0  startup_stm32f10x_md.o(.text)
    __user_initial_stackheap                 0x08000119   Thumb Code     0  startup_stm32f10x_md.o(.text)
    __use_two_region_memory                  0x08000141   Thumb Code     2  heapauxi.o(.text)
    __rt_heap_escrow$2region                 0x08000143   Thumb Code     2  heapauxi.o(.text)
    __rt_heap_expand$2region                 0x08000145   Thumb Code     2  heapauxi.o(.text)
    SystemInit                               0x08000275   Thumb Code   102  system_stm32f10x.o(.text.SystemInit)
    __main                                   0x080002dd   Thumb Code    98  tft.o(MYCODE)



==============================================================================

Memory Map of the image

  Image Entry point : 0x080000ed

  Load Region LR_1 (Base: 0x08000000, Size: 0x00002444, Max: 0xffffffff, ABSOLUTE)

    Execution Region ER_RO (Exec base: 0x08000000, Load base: 0x08000000, Size: 0x00002444, Max: 0xffffffff, ABSOLUTE)

    Exec Addr    Load Addr    Size         Type   Attr      Idx    E Section Name        Object

    0x08000000   0x08000000   0x000000ec   Data   RO           26    RESET               startup_stm32f10x_md.o
    0x080000ec   0x080000ec   0x00000054   Code   RO           27  * .text               startup_stm32f10x_md.o
    0x08000140   0x08000140   0x00000006   Code   RO           50    .text               c_w.l(heapauxi.o)
    0x08000146   0x08000146   0x00000002   PAD
    0x08000148   0x08000148   0x00000008   Code   RO           34    .text.SetSysClock   system_stm32f10x.o
    0x08000150   0x08000150   0x00000122   Code   RO           38    .text.SetSysClockTo72  system_stm32f10x.o
    0x08000272   0x08000272   0x00000002   PAD
    0x08000274   0x08000274   0x00000066   Code   RO           32    .text.SystemInit    system_stm32f10x.o
    0x080002da   0x080002da   0x00000002   PAD
    0x080002dc   0x080002dc   0x00002168   Code   RO            3    MYCODE              tft.o


    Execution Region ER_RW (Exec base: 0x20000000, Load base: 0x08002444, Size: 0x00000000, Max: 0xffffffff, ABSOLUTE)

    **** No section assigned to this execution region ****


    Execution Region ER_ZI (Exec base: 0x20000000, Load base: 0x08002444, Size: 0x00004700, Max: 0xffffffff, ABSOLUTE)

    Exec Addr    Load Addr    Size         Type   Attr      Idx    E Section Name        Object

    0x20000000        -       0x00000200   Zero   RW           25    HEAP                startup_stm32f10x_md.o
    0x20000200        -       0x00004500   Zero   RW           24    STACK               startup_stm32f10x_md.o


==============================================================================

Image component sizes


      Code (inc. data)   RO Data    RW Data    ZI Data      Debug   Object Name

        84         30        236          0      18176        836   startup_stm32f10x_md.o
       400          0          0          0          0       3056   system_stm32f10x.o
      8552         74          0          0          0       5232   tft.o

    ----------------------------------------------------------------------
      9040        104        236          0      18176       9124   Object Totals
         0          0          0          0          0          0   (incl. Generated)
         4          0          0          0          0          0   (incl. Padding)

    ----------------------------------------------------------------------

      Code (inc. data)   RO Data    RW Data    ZI Data      Debug   Library Member Name

         6          0          0          0          0        152   heapauxi.o

    ----------------------------------------------------------------------
         8          0          0          0          0        152   Library Totals
         2          0          0          0          0          0   (incl. Padding)

    ----------------------------------------------------------------------

      Code (inc. data)   RO Data    RW Data    ZI Data      Debug   Library Name

         6          0          0          0          0        152   c_w.l

    ----------------------------------------------------------------------
         8          0          0          0          0        152   Library Totals

    ----------------------------------------------------------------------

==============================================================================


      Code (inc. data)   RO Data    RW Data    ZI Data      Debug   

      9048        104        236          0      18176       9224   Grand Totals
      9048        104        236          0      18176       9224   ELF Image Totals
      9048        104        236          0          0          0   ROM Totals

==============================================================================

    Total RO  Size (Code + RO Data)                 9284 (   9.07kB)
    Total RW  Size (RW Data + ZI Data)             18176 (  17.75kB)
    Total ROM Size (Code + RO Data + RW Data)       9284 (   9.07kB)

==============================================================================

